src/components/Galaxy.tsx(218,9): error TS7034: Variable 'program' implicitly has type 'any' in some locations where its type cannot be determined.
src/components/Galaxy.tsx(222,28): error TS2339: Property 'offsetWidth' does not exist on type 'never'.
src/components/Galaxy.tsx(222,53): error TS2339: Property 'offsetHeight' does not exist on type 'never'.
src/components/Galaxy.tsx(223,11): error TS7005: Variable 'program' implicitly has an 'any' type.
src/components/Galaxy.tsx(265,9): error TS7034: Variable 'animateId' implicitly has type 'any' in some locations where its type cannot be determined.
src/components/Galaxy.tsx(267,21): error TS7006: Parameter 't' implicitly has an 'any' type.
src/components/Galaxy.tsx(270,9): error TS7005: Variable 'program' implicitly has an 'any' type.
src/components/Galaxy.tsx(271,9): error TS7005: Variable 'program' implicitly has an 'any' type.
src/components/Galaxy.tsx(280,7): error TS7005: Variable 'program' implicitly has an 'any' type.
src/components/Galaxy.tsx(281,7): error TS7005: Variable 'program' implicitly has an 'any' type.
src/components/Galaxy.tsx(282,7): error TS7005: Variable 'program' implicitly has an 'any' type.
src/components/Galaxy.tsx(287,9): error TS2339: Property 'appendChild' does not exist on type 'never'.
src/components/Galaxy.tsx(289,30): error TS7006: Parameter 'e' implicitly has an 'any' type.
src/components/Galaxy.tsx(290,24): error TS2339: Property 'getBoundingClientRect' does not exist on type 'never'.
src/components/Galaxy.tsx(302,11): error TS2339: Property 'addEventListener' does not exist on type 'never'.
src/components/Galaxy.tsx(303,11): error TS2339: Property 'addEventListener' does not exist on type 'never'.
src/components/Galaxy.tsx(307,28): error TS7005: Variable 'animateId' implicitly has an 'any' type.
src/components/Galaxy.tsx(310,13): error TS2339: Property 'removeEventListener' does not exist on type 'never'.
src/components/Galaxy.tsx(311,13): error TS2339: Property 'removeEventListener' does not exist on type 'never'.
src/components/Galaxy.tsx(313,11): error TS2339: Property 'removeChild' does not exist on type 'never'.
